// Jest Snapshot v1, https://goo.gl/fbAQLP

exports[`Rendered Snapshot Matches 1`] = `
Object {
  "asFragment": [Function],
  "baseElement": <body>
    <div>
      <div
        class="sc-bdnxRM hoHvTM"
      >
        <h1>
          lorem ipsum dolet
        </h1>
      </div>
    </div>
    <div>
      <div
        class="sc-gtsrHT dWcgVK"
      >
        <p>
          lorem ipsum dolet
        </p>
      </div>
    </div>
    <div>
      <a
        class="sc-dlnjwi ejjUYJ"
        href="#"
      >
        lorem ipsum dolet
      </a>
    </div>
    <div>
      <div
        class="sc-gtsrHT sc-hKFxyN dWcgVK bMwgbw"
      />
    </div>
    <div>
      <div
        class="sc-bdnxRM sc-eCApnc hoHvTM bIYIYn"
        data-testid="drawer"
      >
        <div
          class="sc-bdnxRM jPJVms header"
        >
          <div>
            Menu
          </div>
          <button
            aria-label="Close Menu"
            type="button"
          >
            <img
              alt=""
              src="dismiss.svg"
            />
          </button>
        </div>
        <hr />
        <div>
          Children Element
        </div>
      </div>
    </div>
    <div>
      <div
        class="sc-bdnxRM jjvUKX"
        data-testid="drawer"
      >
        <div
          class="sc-gtsrHT sc-hKFxyN dWcgVK dHQebd"
        >
          Airport
        </div>
        <div>
          <p>
            Sydney Airport
             
            (SYD)
          </p>
          <small>
            Sydney, 
             
            New South Wales, 
             
            Australia
          </small>
        </div>
      </div>
    </div>
  </body>,
  "container": <div>
    <div
      class="sc-bdnxRM hoHvTM"
    >
      <h1>
        lorem ipsum dolet
      </h1>
    </div>
  </div>,
  "debug": [Function],
  "findAllByAltText": [Function],
  "findAllByDisplayValue": [Function],
  "findAllByLabelText": [Function],
  "findAllByPlaceholderText": [Function],
  "findAllByRole": [Function],
  "findAllByTestId": [Function],
  "findAllByText": [Function],
  "findAllByTitle": [Function],
  "findByAltText": [Function],
  "findByDisplayValue": [Function],
  "findByLabelText": [Function],
  "findByPlaceholderText": [Function],
  "findByRole": [Function],
  "findByTestId": [Function],
  "findByText": [Function],
  "findByTitle": [Function],
  "getAllByAltText": [Function],
  "getAllByDisplayValue": [Function],
  "getAllByLabelText": [Function],
  "getAllByPlaceholderText": [Function],
  "getAllByRole": [Function],
  "getAllByTestId": [Function],
  "getAllByText": [Function],
  "getAllByTitle": [Function],
  "getByAltText": [Function],
  "getByDisplayValue": [Function],
  "getByLabelText": [Function],
  "getByPlaceholderText": [Function],
  "getByRole": [Function],
  "getByTestId": [Function],
  "getByText": [Function],
  "getByTitle": [Function],
  "queryAllByAltText": [Function],
  "queryAllByDisplayValue": [Function],
  "queryAllByLabelText": [Function],
  "queryAllByPlaceholderText": [Function],
  "queryAllByRole": [Function],
  "queryAllByTestId": [Function],
  "queryAllByText": [Function],
  "queryAllByTitle": [Function],
  "queryByAltText": [Function],
  "queryByDisplayValue": [Function],
  "queryByLabelText": [Function],
  "queryByPlaceholderText": [Function],
  "queryByRole": [Function],
  "queryByTestId": [Function],
  "queryByText": [Function],
  "queryByTitle": [Function],
  "rerender": [Function],
  "unmount": [Function],
}
`;

exports[`Rendered Snapshot Matches 2`] = `
Object {
  "asFragment": [Function],
  "baseElement": <body>
    <div>
      <div
        class="sc-bdnxRM hoHvTM"
      >
        <h1>
          lorem ipsum dolet
        </h1>
      </div>
    </div>
    <div>
      <div
        class="sc-gtsrHT dWcgVK"
      >
        <p>
          lorem ipsum dolet
        </p>
      </div>
    </div>
    <div>
      <a
        class="sc-dlnjwi ejjUYJ"
        href="#"
      >
        lorem ipsum dolet
      </a>
    </div>
    <div>
      <div
        class="sc-gtsrHT sc-hKFxyN dWcgVK bMwgbw"
      />
    </div>
    <div>
      <div
        class="sc-bdnxRM sc-eCApnc hoHvTM bIYIYn"
        data-testid="drawer"
      >
        <div
          class="sc-bdnxRM jPJVms header"
        >
          <div>
            Menu
          </div>
          <button
            aria-label="Close Menu"
            type="button"
          >
            <img
              alt=""
              src="dismiss.svg"
            />
          </button>
        </div>
        <hr />
        <div>
          Children Element
        </div>
      </div>
    </div>
    <div>
      <div
        class="sc-bdnxRM jjvUKX"
        data-testid="drawer"
      >
        <div
          class="sc-gtsrHT sc-hKFxyN dWcgVK dHQebd"
        >
          Airport
        </div>
        <div>
          <p>
            Sydney Airport
             
            (SYD)
          </p>
          <small>
            Sydney, 
             
            New South Wales, 
             
            Australia
          </small>
        </div>
      </div>
    </div>
  </body>,
  "container": <div>
    <div
      class="sc-gtsrHT dWcgVK"
    >
      <p>
        lorem ipsum dolet
      </p>
    </div>
  </div>,
  "debug": [Function],
  "findAllByAltText": [Function],
  "findAllByDisplayValue": [Function],
  "findAllByLabelText": [Function],
  "findAllByPlaceholderText": [Function],
  "findAllByRole": [Function],
  "findAllByTestId": [Function],
  "findAllByText": [Function],
  "findAllByTitle": [Function],
  "findByAltText": [Function],
  "findByDisplayValue": [Function],
  "findByLabelText": [Function],
  "findByPlaceholderText": [Function],
  "findByRole": [Function],
  "findByTestId": [Function],
  "findByText": [Function],
  "findByTitle": [Function],
  "getAllByAltText": [Function],
  "getAllByDisplayValue": [Function],
  "getAllByLabelText": [Function],
  "getAllByPlaceholderText": [Function],
  "getAllByRole": [Function],
  "getAllByTestId": [Function],
  "getAllByText": [Function],
  "getAllByTitle": [Function],
  "getByAltText": [Function],
  "getByDisplayValue": [Function],
  "getByLabelText": [Function],
  "getByPlaceholderText": [Function],
  "getByRole": [Function],
  "getByTestId": [Function],
  "getByText": [Function],
  "getByTitle": [Function],
  "queryAllByAltText": [Function],
  "queryAllByDisplayValue": [Function],
  "queryAllByLabelText": [Function],
  "queryAllByPlaceholderText": [Function],
  "queryAllByRole": [Function],
  "queryAllByTestId": [Function],
  "queryAllByText": [Function],
  "queryAllByTitle": [Function],
  "queryByAltText": [Function],
  "queryByDisplayValue": [Function],
  "queryByLabelText": [Function],
  "queryByPlaceholderText": [Function],
  "queryByRole": [Function],
  "queryByTestId": [Function],
  "queryByText": [Function],
  "queryByTitle": [Function],
  "rerender": [Function],
  "unmount": [Function],
}
`;

exports[`Rendered Snapshot Matches 3`] = `
Object {
  "asFragment": [Function],
  "baseElement": <body>
    <div>
      <div
        class="sc-bdnxRM hoHvTM"
      >
        <h1>
          lorem ipsum dolet
        </h1>
      </div>
    </div>
    <div>
      <div
        class="sc-gtsrHT dWcgVK"
      >
        <p>
          lorem ipsum dolet
        </p>
      </div>
    </div>
    <div>
      <a
        class="sc-dlnjwi ejjUYJ"
        href="#"
      >
        lorem ipsum dolet
      </a>
    </div>
    <div>
      <div
        class="sc-gtsrHT sc-hKFxyN dWcgVK bMwgbw"
      />
    </div>
    <div>
      <div
        class="sc-bdnxRM sc-eCApnc hoHvTM bIYIYn"
        data-testid="drawer"
      >
        <div
          class="sc-bdnxRM jPJVms header"
        >
          <div>
            Menu
          </div>
          <button
            aria-label="Close Menu"
            type="button"
          >
            <img
              alt=""
              src="dismiss.svg"
            />
          </button>
        </div>
        <hr />
        <div>
          Children Element
        </div>
      </div>
    </div>
    <div>
      <div
        class="sc-bdnxRM jjvUKX"
        data-testid="drawer"
      >
        <div
          class="sc-gtsrHT sc-hKFxyN dWcgVK dHQebd"
        >
          Airport
        </div>
        <div>
          <p>
            Sydney Airport
             
            (SYD)
          </p>
          <small>
            Sydney, 
             
            New South Wales, 
             
            Australia
          </small>
        </div>
      </div>
    </div>
  </body>,
  "container": <div>
    <a
      class="sc-dlnjwi ejjUYJ"
      href="#"
    >
      lorem ipsum dolet
    </a>
  </div>,
  "debug": [Function],
  "findAllByAltText": [Function],
  "findAllByDisplayValue": [Function],
  "findAllByLabelText": [Function],
  "findAllByPlaceholderText": [Function],
  "findAllByRole": [Function],
  "findAllByTestId": [Function],
  "findAllByText": [Function],
  "findAllByTitle": [Function],
  "findByAltText": [Function],
  "findByDisplayValue": [Function],
  "findByLabelText": [Function],
  "findByPlaceholderText": [Function],
  "findByRole": [Function],
  "findByTestId": [Function],
  "findByText": [Function],
  "findByTitle": [Function],
  "getAllByAltText": [Function],
  "getAllByDisplayValue": [Function],
  "getAllByLabelText": [Function],
  "getAllByPlaceholderText": [Function],
  "getAllByRole": [Function],
  "getAllByTestId": [Function],
  "getAllByText": [Function],
  "getAllByTitle": [Function],
  "getByAltText": [Function],
  "getByDisplayValue": [Function],
  "getByLabelText": [Function],
  "getByPlaceholderText": [Function],
  "getByRole": [Function],
  "getByTestId": [Function],
  "getByText": [Function],
  "getByTitle": [Function],
  "queryAllByAltText": [Function],
  "queryAllByDisplayValue": [Function],
  "queryAllByLabelText": [Function],
  "queryAllByPlaceholderText": [Function],
  "queryAllByRole": [Function],
  "queryAllByTestId": [Function],
  "queryAllByText": [Function],
  "queryAllByTitle": [Function],
  "queryByAltText": [Function],
  "queryByDisplayValue": [Function],
  "queryByLabelText": [Function],
  "queryByPlaceholderText": [Function],
  "queryByRole": [Function],
  "queryByTestId": [Function],
  "queryByText": [Function],
  "queryByTitle": [Function],
  "rerender": [Function],
  "unmount": [Function],
}
`;

exports[`Rendered Snapshot Matches 4`] = `
Object {
  "asFragment": [Function],
  "baseElement": <body>
    <div>
      <div
        class="sc-bdnxRM hoHvTM"
      >
        <h1>
          lorem ipsum dolet
        </h1>
      </div>
    </div>
    <div>
      <div
        class="sc-gtsrHT dWcgVK"
      >
        <p>
          lorem ipsum dolet
        </p>
      </div>
    </div>
    <div>
      <a
        class="sc-dlnjwi ejjUYJ"
        href="#"
      >
        lorem ipsum dolet
      </a>
    </div>
    <div>
      <div
        class="sc-gtsrHT sc-hKFxyN dWcgVK bMwgbw"
      />
    </div>
    <div>
      <div
        class="sc-bdnxRM sc-eCApnc hoHvTM bIYIYn"
        data-testid="drawer"
      >
        <div
          class="sc-bdnxRM jPJVms header"
        >
          <div>
            Menu
          </div>
          <button
            aria-label="Close Menu"
            type="button"
          >
            <img
              alt=""
              src="dismiss.svg"
            />
          </button>
        </div>
        <hr />
        <div>
          Children Element
        </div>
      </div>
    </div>
    <div>
      <div
        class="sc-bdnxRM jjvUKX"
        data-testid="drawer"
      >
        <div
          class="sc-gtsrHT sc-hKFxyN dWcgVK dHQebd"
        >
          Airport
        </div>
        <div>
          <p>
            Sydney Airport
             
            (SYD)
          </p>
          <small>
            Sydney, 
             
            New South Wales, 
             
            Australia
          </small>
        </div>
      </div>
    </div>
  </body>,
  "container": <div>
    <div
      class="sc-gtsrHT sc-hKFxyN dWcgVK bMwgbw"
    />
  </div>,
  "debug": [Function],
  "findAllByAltText": [Function],
  "findAllByDisplayValue": [Function],
  "findAllByLabelText": [Function],
  "findAllByPlaceholderText": [Function],
  "findAllByRole": [Function],
  "findAllByTestId": [Function],
  "findAllByText": [Function],
  "findAllByTitle": [Function],
  "findByAltText": [Function],
  "findByDisplayValue": [Function],
  "findByLabelText": [Function],
  "findByPlaceholderText": [Function],
  "findByRole": [Function],
  "findByTestId": [Function],
  "findByText": [Function],
  "findByTitle": [Function],
  "getAllByAltText": [Function],
  "getAllByDisplayValue": [Function],
  "getAllByLabelText": [Function],
  "getAllByPlaceholderText": [Function],
  "getAllByRole": [Function],
  "getAllByTestId": [Function],
  "getAllByText": [Function],
  "getAllByTitle": [Function],
  "getByAltText": [Function],
  "getByDisplayValue": [Function],
  "getByLabelText": [Function],
  "getByPlaceholderText": [Function],
  "getByRole": [Function],
  "getByTestId": [Function],
  "getByText": [Function],
  "getByTitle": [Function],
  "queryAllByAltText": [Function],
  "queryAllByDisplayValue": [Function],
  "queryAllByLabelText": [Function],
  "queryAllByPlaceholderText": [Function],
  "queryAllByRole": [Function],
  "queryAllByTestId": [Function],
  "queryAllByText": [Function],
  "queryAllByTitle": [Function],
  "queryByAltText": [Function],
  "queryByDisplayValue": [Function],
  "queryByLabelText": [Function],
  "queryByPlaceholderText": [Function],
  "queryByRole": [Function],
  "queryByTestId": [Function],
  "queryByText": [Function],
  "queryByTitle": [Function],
  "rerender": [Function],
  "unmount": [Function],
}
`;

exports[`Rendered Snapshot Matches 5`] = `
Object {
  "asFragment": [Function],
  "baseElement": <body>
    <div>
      <div
        class="sc-bdnxRM hoHvTM"
      >
        <h1>
          lorem ipsum dolet
        </h1>
      </div>
    </div>
    <div>
      <div
        class="sc-gtsrHT dWcgVK"
      >
        <p>
          lorem ipsum dolet
        </p>
      </div>
    </div>
    <div>
      <a
        class="sc-dlnjwi ejjUYJ"
        href="#"
      >
        lorem ipsum dolet
      </a>
    </div>
    <div>
      <div
        class="sc-gtsrHT sc-hKFxyN dWcgVK bMwgbw"
      />
    </div>
    <div>
      <div
        class="sc-bdnxRM sc-eCApnc hoHvTM bIYIYn"
        data-testid="drawer"
      >
        <div
          class="sc-bdnxRM jPJVms header"
        >
          <div>
            Menu
          </div>
          <button
            aria-label="Close Menu"
            type="button"
          >
            <img
              alt=""
              src="dismiss.svg"
            />
          </button>
        </div>
        <hr />
        <div>
          Children Element
        </div>
      </div>
    </div>
    <div>
      <div
        class="sc-bdnxRM jjvUKX"
        data-testid="drawer"
      >
        <div
          class="sc-gtsrHT sc-hKFxyN dWcgVK dHQebd"
        >
          Airport
        </div>
        <div>
          <p>
            Sydney Airport
             
            (SYD)
          </p>
          <small>
            Sydney, 
             
            New South Wales, 
             
            Australia
          </small>
        </div>
      </div>
    </div>
  </body>,
  "container": <div>
    <div
      class="sc-bdnxRM sc-eCApnc hoHvTM bIYIYn"
      data-testid="drawer"
    >
      <div
        class="sc-bdnxRM jPJVms header"
      >
        <div>
          Menu
        </div>
        <button
          aria-label="Close Menu"
          type="button"
        >
          <img
            alt=""
            src="dismiss.svg"
          />
        </button>
      </div>
      <hr />
      <div>
        Children Element
      </div>
    </div>
  </div>,
  "debug": [Function],
  "findAllByAltText": [Function],
  "findAllByDisplayValue": [Function],
  "findAllByLabelText": [Function],
  "findAllByPlaceholderText": [Function],
  "findAllByRole": [Function],
  "findAllByTestId": [Function],
  "findAllByText": [Function],
  "findAllByTitle": [Function],
  "findByAltText": [Function],
  "findByDisplayValue": [Function],
  "findByLabelText": [Function],
  "findByPlaceholderText": [Function],
  "findByRole": [Function],
  "findByTestId": [Function],
  "findByText": [Function],
  "findByTitle": [Function],
  "getAllByAltText": [Function],
  "getAllByDisplayValue": [Function],
  "getAllByLabelText": [Function],
  "getAllByPlaceholderText": [Function],
  "getAllByRole": [Function],
  "getAllByTestId": [Function],
  "getAllByText": [Function],
  "getAllByTitle": [Function],
  "getByAltText": [Function],
  "getByDisplayValue": [Function],
  "getByLabelText": [Function],
  "getByPlaceholderText": [Function],
  "getByRole": [Function],
  "getByTestId": [Function],
  "getByText": [Function],
  "getByTitle": [Function],
  "queryAllByAltText": [Function],
  "queryAllByDisplayValue": [Function],
  "queryAllByLabelText": [Function],
  "queryAllByPlaceholderText": [Function],
  "queryAllByRole": [Function],
  "queryAllByTestId": [Function],
  "queryAllByText": [Function],
  "queryAllByTitle": [Function],
  "queryByAltText": [Function],
  "queryByDisplayValue": [Function],
  "queryByLabelText": [Function],
  "queryByPlaceholderText": [Function],
  "queryByRole": [Function],
  "queryByTestId": [Function],
  "queryByText": [Function],
  "queryByTitle": [Function],
  "rerender": [Function],
  "unmount": [Function],
}
`;

exports[`Rendered Snapshot Matches 6`] = `
Object {
  "asFragment": [Function],
  "baseElement": <body>
    <div>
      <div
        class="sc-bdnxRM hoHvTM"
      >
        <h1>
          lorem ipsum dolet
        </h1>
      </div>
    </div>
    <div>
      <div
        class="sc-gtsrHT dWcgVK"
      >
        <p>
          lorem ipsum dolet
        </p>
      </div>
    </div>
    <div>
      <a
        class="sc-dlnjwi ejjUYJ"
        href="#"
      >
        lorem ipsum dolet
      </a>
    </div>
    <div>
      <div
        class="sc-gtsrHT sc-hKFxyN dWcgVK bMwgbw"
      />
    </div>
    <div>
      <div
        class="sc-bdnxRM sc-eCApnc hoHvTM bIYIYn"
        data-testid="drawer"
      >
        <div
          class="sc-bdnxRM jPJVms header"
        >
          <div>
            Menu
          </div>
          <button
            aria-label="Close Menu"
            type="button"
          >
            <img
              alt=""
              src="dismiss.svg"
            />
          </button>
        </div>
        <hr />
        <div>
          Children Element
        </div>
      </div>
    </div>
    <div>
      <div
        class="sc-bdnxRM jjvUKX"
        data-testid="drawer"
      >
        <div
          class="sc-gtsrHT sc-hKFxyN dWcgVK dHQebd"
        >
          Airport
        </div>
        <div>
          <p>
            Sydney Airport
             
            (SYD)
          </p>
          <small>
            Sydney, 
             
            New South Wales, 
             
            Australia
          </small>
        </div>
      </div>
    </div>
  </body>,
  "container": <div>
    <div
      class="sc-bdnxRM jjvUKX"
      data-testid="drawer"
    >
      <div
        class="sc-gtsrHT sc-hKFxyN dWcgVK dHQebd"
      >
        Airport
      </div>
      <div>
        <p>
          Sydney Airport
           
          (SYD)
        </p>
        <small>
          Sydney, 
           
          New South Wales, 
           
          Australia
        </small>
      </div>
    </div>
  </div>,
  "debug": [Function],
  "findAllByAltText": [Function],
  "findAllByDisplayValue": [Function],
  "findAllByLabelText": [Function],
  "findAllByPlaceholderText": [Function],
  "findAllByRole": [Function],
  "findAllByTestId": [Function],
  "findAllByText": [Function],
  "findAllByTitle": [Function],
  "findByAltText": [Function],
  "findByDisplayValue": [Function],
  "findByLabelText": [Function],
  "findByPlaceholderText": [Function],
  "findByRole": [Function],
  "findByTestId": [Function],
  "findByText": [Function],
  "findByTitle": [Function],
  "getAllByAltText": [Function],
  "getAllByDisplayValue": [Function],
  "getAllByLabelText": [Function],
  "getAllByPlaceholderText": [Function],
  "getAllByRole": [Function],
  "getAllByTestId": [Function],
  "getAllByText": [Function],
  "getAllByTitle": [Function],
  "getByAltText": [Function],
  "getByDisplayValue": [Function],
  "getByLabelText": [Function],
  "getByPlaceholderText": [Function],
  "getByRole": [Function],
  "getByTestId": [Function],
  "getByText": [Function],
  "getByTitle": [Function],
  "queryAllByAltText": [Function],
  "queryAllByDisplayValue": [Function],
  "queryAllByLabelText": [Function],
  "queryAllByPlaceholderText": [Function],
  "queryAllByRole": [Function],
  "queryAllByTestId": [Function],
  "queryAllByText": [Function],
  "queryAllByTitle": [Function],
  "queryByAltText": [Function],
  "queryByDisplayValue": [Function],
  "queryByLabelText": [Function],
  "queryByPlaceholderText": [Function],
  "queryByRole": [Function],
  "queryByTestId": [Function],
  "queryByText": [Function],
  "queryByTitle": [Function],
  "rerender": [Function],
  "unmount": [Function],
}
`;
