// Jest Snapshot v1, https://goo.gl/fbAQLP

exports[`<Navigation /> Rendered Snapshot Matches 1`] = `
Object {
  "asFragment": [Function],
  "baseElement": <body>
    <div>
      <nav
        class="sc-iCoGMd emAaQC"
        data-testid="navigation"
      >
        <a
          href="/rentalcars"
        >
          <img
            alt="Rentalcars.com"
            height="21"
            src="rc-logo.svg"
            width="156"
          />
        </a>
        <div
          class="sc-bdnxRM gjXIaz menu"
          width="auto"
        >
          <span
            aria-label="Prices in Indian Rupees"
            style="color: rgb(255, 255, 255);"
          >
            INR
          </span>
          <img
            alt="Selected Language English"
            src="gb.png"
          />
          <button
            type="button"
          >
            Manage Booking
          </button>
        </div>
        <button
          aria-label="Open Menu"
          class="hamburger"
          type="button"
        >
          <img
            alt=""
            src="hamburger.svg"
          />
        </button>
      </nav>
    </div>
  </body>,
  "container": <div>
    <nav
      class="sc-iCoGMd emAaQC"
      data-testid="navigation"
    >
      <a
        href="/rentalcars"
      >
        <img
          alt="Rentalcars.com"
          height="21"
          src="rc-logo.svg"
          width="156"
        />
      </a>
      <div
        class="sc-bdnxRM gjXIaz menu"
        width="auto"
      >
        <span
          aria-label="Prices in Indian Rupees"
          style="color: rgb(255, 255, 255);"
        >
          INR
        </span>
        <img
          alt="Selected Language English"
          src="gb.png"
        />
        <button
          type="button"
        >
          Manage Booking
        </button>
      </div>
      <button
        aria-label="Open Menu"
        class="hamburger"
        type="button"
      >
        <img
          alt=""
          src="hamburger.svg"
        />
      </button>
    </nav>
  </div>,
  "debug": [Function],
  "findAllByAltText": [Function],
  "findAllByDisplayValue": [Function],
  "findAllByLabelText": [Function],
  "findAllByPlaceholderText": [Function],
  "findAllByRole": [Function],
  "findAllByTestId": [Function],
  "findAllByText": [Function],
  "findAllByTitle": [Function],
  "findByAltText": [Function],
  "findByDisplayValue": [Function],
  "findByLabelText": [Function],
  "findByPlaceholderText": [Function],
  "findByRole": [Function],
  "findByTestId": [Function],
  "findByText": [Function],
  "findByTitle": [Function],
  "getAllByAltText": [Function],
  "getAllByDisplayValue": [Function],
  "getAllByLabelText": [Function],
  "getAllByPlaceholderText": [Function],
  "getAllByRole": [Function],
  "getAllByTestId": [Function],
  "getAllByText": [Function],
  "getAllByTitle": [Function],
  "getByAltText": [Function],
  "getByDisplayValue": [Function],
  "getByLabelText": [Function],
  "getByPlaceholderText": [Function],
  "getByRole": [Function],
  "getByTestId": [Function],
  "getByText": [Function],
  "getByTitle": [Function],
  "queryAllByAltText": [Function],
  "queryAllByDisplayValue": [Function],
  "queryAllByLabelText": [Function],
  "queryAllByPlaceholderText": [Function],
  "queryAllByRole": [Function],
  "queryAllByTestId": [Function],
  "queryAllByText": [Function],
  "queryAllByTitle": [Function],
  "queryByAltText": [Function],
  "queryByDisplayValue": [Function],
  "queryByLabelText": [Function],
  "queryByPlaceholderText": [Function],
  "queryByRole": [Function],
  "queryByTestId": [Function],
  "queryByText": [Function],
  "queryByTitle": [Function],
  "rerender": [Function],
  "unmount": [Function],
}
`;
